// Jest Snapshot v1, https://goo.gl/fbAQLP

exports[`form component methods behaviour to match snapshot 1`] = `
Object {
  "asFragment": [Function],
  "baseElement": <body>
    <div>
      <div
        class="flex-box"
      >
        <label
          aria-required="true"
        >
          <p
            class="required-ash"
          >
            *
          </p>
          Departure city:
          <input
            required=""
            type="text"
            value=""
          />
        </label>
        <label>
          <p
            class="required-ash"
          >
            *
          </p>
          Arrival city:
          <input
            required=""
            type="text"
            value=""
          />
        </label>
        <label>
          <p
            class="required-ash"
          >
            *
          </p>
          Departure date:
          <div
            class="react-datepicker-wrapper"
          >
            <div
              class="react-datepicker__input-container"
            >
              <input
                class=""
                required=""
                type="text"
                value="07/19/2020"
              />
            </div>
          </div>
        </label>
        <label>
          Arrival date:
          <div
            class="react-datepicker-wrapper"
          >
            <div
              class="react-datepicker__input-container"
            >
              <input
                class=""
                type="text"
                value="07/19/2020"
              />
            </div>
          </div>
        </label>
        <input
          type="button"
          value="Search Bus"
        />
      </div>
    </div>
  </body>,
  "container": <div>
    <div
      class="flex-box"
    >
      <label
        aria-required="true"
      >
        <p
          class="required-ash"
        >
          *
        </p>
        Departure city:
        <input
          required=""
          type="text"
          value=""
        />
      </label>
      <label>
        <p
          class="required-ash"
        >
          *
        </p>
        Arrival city:
        <input
          required=""
          type="text"
          value=""
        />
      </label>
      <label>
        <p
          class="required-ash"
        >
          *
        </p>
        Departure date:
        <div
          class="react-datepicker-wrapper"
        >
          <div
            class="react-datepicker__input-container"
          >
            <input
              class=""
              required=""
              type="text"
              value="07/19/2020"
            />
          </div>
        </div>
      </label>
      <label>
        Arrival date:
        <div
          class="react-datepicker-wrapper"
        >
          <div
            class="react-datepicker__input-container"
          >
            <input
              class=""
              type="text"
              value="07/19/2020"
            />
          </div>
        </div>
      </label>
      <input
        type="button"
        value="Search Bus"
      />
    </div>
  </div>,
  "debug": [Function],
  "findAllByAltText": [Function],
  "findAllByDisplayValue": [Function],
  "findAllByLabelText": [Function],
  "findAllByPlaceholderText": [Function],
  "findAllByRole": [Function],
  "findAllByTestId": [Function],
  "findAllByText": [Function],
  "findAllByTitle": [Function],
  "findByAltText": [Function],
  "findByDisplayValue": [Function],
  "findByLabelText": [Function],
  "findByPlaceholderText": [Function],
  "findByRole": [Function],
  "findByTestId": [Function],
  "findByText": [Function],
  "findByTitle": [Function],
  "getAllByAltText": [Function],
  "getAllByDisplayValue": [Function],
  "getAllByLabelText": [Function],
  "getAllByPlaceholderText": [Function],
  "getAllByRole": [Function],
  "getAllByTestId": [Function],
  "getAllByText": [Function],
  "getAllByTitle": [Function],
  "getByAltText": [Function],
  "getByDisplayValue": [Function],
  "getByLabelText": [Function],
  "getByPlaceholderText": [Function],
  "getByRole": [Function],
  "getByTestId": [Function],
  "getByText": [Function],
  "getByTitle": [Function],
  "queryAllByAltText": [Function],
  "queryAllByDisplayValue": [Function],
  "queryAllByLabelText": [Function],
  "queryAllByPlaceholderText": [Function],
  "queryAllByRole": [Function],
  "queryAllByTestId": [Function],
  "queryAllByText": [Function],
  "queryAllByTitle": [Function],
  "queryByAltText": [Function],
  "queryByDisplayValue": [Function],
  "queryByLabelText": [Function],
  "queryByPlaceholderText": [Function],
  "queryByRole": [Function],
  "queryByTestId": [Function],
  "queryByText": [Function],
  "queryByTitle": [Function],
  "rerender": [Function],
  "unmount": [Function],
}
`;
